###############################################################################
#
# IAR ELF Linker V7.30.1.7746/W32 for ARM                 23/May/2015  14:23:00
# Copyright 2007-2014 IAR Systems AB.
#
#    Output file  =  
#        D:\tools\IAR\lapulande\%5B拉普兰德K60固件库%5DLPLD_OSKinetis_V3.10\LPLD_OSKinetis_V3\project\myfirst\iar\RAM\Exe\myfirst_K60F12.out
#    Map file     =  
#        D:\tools\IAR\lapulande\%5B拉普兰德K60固件库%5DLPLD_OSKinetis_V3.10\LPLD_OSKinetis_V3\project\myfirst\iar\RAM\List\myfirst_K60F12.map
#    Command line =  
#        D:\tools\IAR\lapulande\%5B拉普兰德K60固件库%5DLPLD_OSKinetis_V3.10\LPLD_OSKinetis_V3\project\myfirst\iar\RAM\Obj\alloc.o
#        D:\tools\IAR\lapulande\%5B拉普兰德K60固件库%5DLPLD_OSKinetis_V3.10\LPLD_OSKinetis_V3\project\myfirst\iar\RAM\Obj\assert.o
#        D:\tools\IAR\lapulande\%5B拉普兰德K60固件库%5DLPLD_OSKinetis_V3.10\LPLD_OSKinetis_V3\project\myfirst\iar\RAM\Obj\HW_ADC.o
#        D:\tools\IAR\lapulande\%5B拉普兰德K60固件库%5DLPLD_OSKinetis_V3.10\LPLD_OSKinetis_V3\project\myfirst\iar\RAM\Obj\HW_DAC.o
#        D:\tools\IAR\lapulande\%5B拉普兰德K60固件库%5DLPLD_OSKinetis_V3.10\LPLD_OSKinetis_V3\project\myfirst\iar\RAM\Obj\HW_DMA.o
#        D:\tools\IAR\lapulande\%5B拉普兰德K60固件库%5DLPLD_OSKinetis_V3.10\LPLD_OSKinetis_V3\project\myfirst\iar\RAM\Obj\HW_FTM.o
#        D:\tools\IAR\lapulande\%5B拉普兰德K60固件库%5DLPLD_OSKinetis_V3.10\LPLD_OSKinetis_V3\project\myfirst\iar\RAM\Obj\HW_GPIO.o
#        D:\tools\IAR\lapulande\%5B拉普兰德K60固件库%5DLPLD_OSKinetis_V3.10\LPLD_OSKinetis_V3\project\myfirst\iar\RAM\Obj\HW_LPTMR.o
#        D:\tools\IAR\lapulande\%5B拉普兰德K60固件库%5DLPLD_OSKinetis_V3.10\LPLD_OSKinetis_V3\project\myfirst\iar\RAM\Obj\HW_MCG.o
#        D:\tools\IAR\lapulande\%5B拉普兰德K60固件库%5DLPLD_OSKinetis_V3.10\LPLD_OSKinetis_V3\project\myfirst\iar\RAM\Obj\HW_PDB.o
#        D:\tools\IAR\lapulande\%5B拉普兰德K60固件库%5DLPLD_OSKinetis_V3.10\LPLD_OSKinetis_V3\project\myfirst\iar\RAM\Obj\HW_PIT.o
#        D:\tools\IAR\lapulande\%5B拉普兰德K60固件库%5DLPLD_OSKinetis_V3.10\LPLD_OSKinetis_V3\project\myfirst\iar\RAM\Obj\HW_UART.o
#        D:\tools\IAR\lapulande\%5B拉普兰德K60固件库%5DLPLD_OSKinetis_V3.10\LPLD_OSKinetis_V3\project\myfirst\iar\RAM\Obj\io.o
#        D:\tools\IAR\lapulande\%5B拉普兰德K60固件库%5DLPLD_OSKinetis_V3.10\LPLD_OSKinetis_V3\project\myfirst\iar\RAM\Obj\myfirst.o
#        D:\tools\IAR\lapulande\%5B拉普兰德K60固件库%5DLPLD_OSKinetis_V3.10\LPLD_OSKinetis_V3\project\myfirst\iar\RAM\Obj\printf.o
#        D:\tools\IAR\lapulande\%5B拉普兰德K60固件库%5DLPLD_OSKinetis_V3.10\LPLD_OSKinetis_V3\project\myfirst\iar\RAM\Obj\queue.o
#        D:\tools\IAR\lapulande\%5B拉普兰德K60固件库%5DLPLD_OSKinetis_V3.10\LPLD_OSKinetis_V3\project\myfirst\iar\RAM\Obj\relocate.o
#        D:\tools\IAR\lapulande\%5B拉普兰德K60固件库%5DLPLD_OSKinetis_V3.10\LPLD_OSKinetis_V3\project\myfirst\iar\RAM\Obj\startup_K60F12.o
#        D:\tools\IAR\lapulande\%5B拉普兰德K60固件库%5DLPLD_OSKinetis_V3.10\LPLD_OSKinetis_V3\project\myfirst\iar\RAM\Obj\stdlib.o
#        D:\tools\IAR\lapulande\%5B拉普兰德K60固件库%5DLPLD_OSKinetis_V3.10\LPLD_OSKinetis_V3\project\myfirst\iar\RAM\Obj\system_MK60.o
#        D:\tools\IAR\lapulande\%5B拉普兰德K60固件库%5DLPLD_OSKinetis_V3.10\LPLD_OSKinetis_V3\project\myfirst\iar\RAM\Obj\uif.o
#        --redirect _Printf=_PrintfFull --redirect _Scanf=_ScanfFull -o
#        D:\tools\IAR\lapulande\%5B拉普兰德K60固件库%5DLPLD_OSKinetis_V3.10\LPLD_OSKinetis_V3\project\myfirst\iar\RAM\Exe\myfirst_K60F12.out
#        --map
#        D:\tools\IAR\lapulande\%5B拉普兰德K60固件库%5DLPLD_OSKinetis_V3.10\LPLD_OSKinetis_V3\project\myfirst\iar\RAM\List\myfirst_K60F12.map
#        --config
#        D:\tools\IAR\lapulande\%5B拉普兰德K60固件库%5DLPLD_OSKinetis_V3.10\LPLD_OSKinetis_V3\project\myfirst\iar\..\..\..\lib\iar_config_files\LPLD_K60DN512_RAM.icf
#        --semihosting --entry __iar_program_start
#        D:\tools\IAR\iar7_3\arm\CMSIS\Lib\IAR\iar_cortexM4lf_math.a --vfe
#
###############################################################################

*******************************************************************************
*** RUNTIME MODEL ATTRIBUTES
***

CppFlavor       = *
__SystemLibrary = DLib


*******************************************************************************
*** PLACEMENT SUMMARY
***

"A1":  place at 0x1fff0000 { ro section .intvec };
"A2":  place at 0x1fff0410 { ro section .noinit };
"P1":  place in [from 0x1fff0000 to 0x20010000] { ro, block CodeRelocate };
"P2":  place in [from 0x1fff0000 to 0x20010000] {
          rw, block CodeRelocateRam, block CSTACK, block HEAP };

  Section              Kind        Address    Size  Object
  -------              ----        -------    ----  ------
"A1":                                        0x400
  .intvec              ro code  0x1fff0000   0x400  startup_K60F12.o [1]
                              - 0x1fff0400   0x400

"P1", part 1 of 2:                             0x0
  .rodata              const    0x1fff0400     0x0  zero_init3.o [5]
  CodeRelocate                  0x1fff0400     0x0  <Block>

"P2", part 1 of 2:                             0x0
  CodeRelocateRam               0x1fff0400     0x0  <Block>

"A2":                                         0x14
  .noinit              ro code  0x1fff0410    0x10  startup_K60F12.o [1]
  .noinit              ro code  0x1fff0420     0x4  startup_K60F12.o [1]
                              - 0x1fff0424    0x14

"P1", part 2 of 2:                          0x4220
  .text                ro code  0x1fff0424   0x82c  HW_UART.o [1]
  .data_init                    0x1fff0c50   0x81c  <Block>
    Initializer bytes  ro data  0x1fff0c50   0x81c  <for .data-1>
  .text                ro code  0x1fff146c   0x7ec  HW_DMA.o [1]
  .text                ro code  0x1fff1c58    0x18  assert.o [1]
  .text                ro code  0x1fff1c70   0x568  printf.o [1]
  .text                ro code  0x1fff21d8    0x22  stdlib.o [1]
  .text                ro code  0x1fff21fa    0x22  zero_init3.o [5]
  .text                ro code  0x1fff221c   0x6b0  HW_ADC.o [1]
  .text                ro code  0x1fff28cc   0x690  system_MK60.o [1]
  .text                ro code  0x1fff2f5c    0xc0  relocate.o [1]
  .text                ro code  0x1fff301c   0x1ec  HW_MCG.o [1]
  .text                ro code  0x1fff3208    0x56  ABImemcpy_unaligned.o [5]
  .text                ro code  0x1fff3260   0x3c4  HW_PDB.o [1]
  .text                ro code  0x1fff3624   0x2ec  HW_DAC.o [1]
  .text                ro code  0x1fff3910   0x2bc  myfirst.o [1]
  .text                ro code  0x1fff3bcc   0x174  HW_PIT.o [1]
  .text                ro code  0x1fff3d40    0x74  HW_GPIO.o [1]
  .rodata              const    0x1fff3db4    0x6c  HW_ADC.o [1]
  .rodata              const    0x1fff3e20    0x6c  HW_DAC.o [1]
  .rodata              const    0x1fff3e8c    0x6c  HW_DMA.o [1]
  .rodata              const    0x1fff3ef8    0x6c  HW_PDB.o [1]
  .rodata              const    0x1fff3f64    0x6c  HW_PIT.o [1]
  .rodata              const    0x1fff3fd0    0x48  system_MK60.o [1]
  .rodata              const    0x1fff4018    0x44  system_MK60.o [1]
  .rodata              const    0x1fff405c    0x44  system_MK60.o [1]
  .rodata              const    0x1fff40a0    0x34  system_MK60.o [1]
  .rodata              const    0x1fff40d4    0x30  assert.o [1]
  .rodata              const    0x1fff4104    0x30  system_MK60.o [1]
  .rodata              const    0x1fff4134    0x30  system_MK60.o [1]
  .text                ro code  0x1fff4164    0x30  HW_FTM.o [1]
  .rodata              const    0x1fff4194    0x28  system_MK60.o [1]
  .text                ro code  0x1fff41bc    0x28  data_init.o [5]
  .rodata              const    0x1fff41e4    0x24  system_MK60.o [1]
  .rodata              const    0x1fff4208    0x24  system_MK60.o [1]
  .rodata              const    0x1fff422c    0x24  system_MK60.o [1]
  .text                ro code  0x1fff4250    0x22  fpinit_M.o [4]
  .iar.init_table      const    0x1fff4274    0x10  - Linker created -
  .rodata              const    0x1fff4284    0x20  system_MK60.o [1]
  .rodata              const    0x1fff42a4    0x20  system_MK60.o [1]
  .rodata              const    0x1fff42c4    0x20  system_MK60.o [1]
  .rodata              const    0x1fff42e4    0x20  system_MK60.o [1]
  .rodata              const    0x1fff4304    0x20  system_MK60.o [1]
  .text                ro code  0x1fff4324    0x20  HW_LPTMR.o [1]
  .rodata              const    0x1fff4344    0x1c  system_MK60.o [1]
  .rodata              const    0x1fff4360    0x1c  system_MK60.o [1]
  .rodata              const    0x1fff437c    0x1c  system_MK60.o [1]
  .rodata              const    0x1fff4398    0x1c  system_MK60.o [1]
  .rodata              const    0x1fff43b4    0x1c  system_MK60.o [1]
  .text                ro code  0x1fff43d0    0x1a  cmain.o [5]
  .text                ro code  0x1fff43ea     0x4  low_level_init.o [3]
  .text                ro code  0x1fff43ee     0x4  exit.o [3]
  .text                ro code  0x1fff43f4     0xa  cexit.o [5]
  .text                ro code  0x1fff4400    0x14  exit.o [6]
  .rodata              const    0x1fff4414    0x18  system_MK60.o [1]
  .rodata              const    0x1fff442c    0x18  system_MK60.o [1]
  .rodata              const    0x1fff4444    0x18  system_MK60.o [1]
  .rodata              const    0x1fff445c    0x18  system_MK60.o [1]
  .rodata              const    0x1fff4474    0x18  system_MK60.o [1]
  .rodata              const    0x1fff448c    0x18  system_MK60.o [1]
  .rodata              const    0x1fff44a4    0x18  system_MK60.o [1]
  .rodata              const    0x1fff44bc    0x18  system_MK60.o [1]
  .rodata              const    0x1fff44d4    0x18  system_MK60.o [1]
  .rodata              const    0x1fff44ec    0x14  system_MK60.o [1]
  .rodata              const    0x1fff4500    0x14  system_MK60.o [1]
  .rodata              const    0x1fff4514    0x14  system_MK60.o [1]
  .rodata              const    0x1fff4528    0x14  system_MK60.o [1]
  .text                ro code  0x1fff453c    0x14  io.o [1]
  .rodata              const    0x1fff4550    0x10  system_MK60.o [1]
  .rodata              const    0x1fff4560    0x10  system_MK60.o [1]
  .rodata              const    0x1fff4570    0x10  system_MK60.o [1]
  .rodata              const    0x1fff4580    0x10  system_MK60.o [1]
  .rodata              const    0x1fff4590     0xc  system_MK60.o [1]
  .text                ro code  0x1fff459c     0xc  cstartup_M.o [5]
  .rodata              const    0x1fff45a8     0x8  system_MK60.o [1]
  .rodata              const    0x1fff45b0     0x8  system_MK60.o [1]
  .rodata              const    0x1fff45b8     0x8  system_MK60.o [1]
  .rodata              const    0x1fff45c0     0x8  system_MK60.o [1]
  .rodata              const    0x1fff45c8     0x8  system_MK60.o [1]
  .rodata              const    0x1fff45d0     0x8  system_MK60.o [1]
  .rodata              const    0x1fff45d8     0x8  system_MK60.o [1]
  .rodata              const    0x1fff45e0     0x8  system_MK60.o [1]
  .rodata              const    0x1fff45e8     0x8  system_MK60.o [1]
  .rodata              const    0x1fff45f0     0x8  system_MK60.o [1]
  .rodata              const    0x1fff45f8     0x8  system_MK60.o [1]
  .rodata              const    0x1fff4600     0x8  system_MK60.o [1]
  .rodata              const    0x1fff4608     0x8  system_MK60.o [1]
  .rodata              const    0x1fff4610     0x8  system_MK60.o [1]
  .rodata              const    0x1fff4618     0x8  system_MK60.o [1]
  .rodata              const    0x1fff4620     0x8  system_MK60.o [1]
  .rodata              const    0x1fff4628     0x8  system_MK60.o [1]
  .rodata              const    0x1fff4630     0x8  system_MK60.o [1]
  .rodata              const    0x1fff4638     0x8  system_MK60.o [1]
  .rodata              const    0x1fff4640     0x4  HW_PDB.o [1]
                              - 0x1fff4644  0x4220

"P2", part 2 of 2:                          0x15d4
  .data                         0x1fff4644   0x81c  <Block>
    .data-1                     0x1fff4644   0x81c  <Init block>
      .data            inited   0x1fff4644     0x4  HW_MCG.o [1]
      .data            inited   0x1fff4648     0x4  HW_MCG.o [1]
      .data            inited   0x1fff464c     0x4  HW_MCG.o [1]
      .data            inited   0x1fff4650     0x4  HW_MCG.o [1]
      .data            inited   0x1fff4654   0x804  myfirst.o [1]
      .data            inited   0x1fff4e58     0x2  myfirst.o [1]
      .data            inited   0x1fff4e5a     0x2  myfirst.o [1]
      .data            inited   0x1fff4e5c     0x4  system_MK60.o [1]
  .bss                          0x1fff4e60   0x9b8  <Block>
    .bss               zero     0x1fff4e60    0x10  HW_ADC.o [1]
    .bss               zero     0x1fff4e70     0x8  HW_DAC.o [1]
    .bss               zero     0x1fff4e78     0x8  HW_DAC.o [1]
    .bss               zero     0x1fff4e80     0x8  HW_DAC.o [1]
    .bss               zero     0x1fff4e88    0x80  HW_DMA.o [1]
    .bss               zero     0x1fff4f08    0x10  HW_FTM.o [1]
    .bss               zero     0x1fff4f18    0x14  HW_GPIO.o [1]
    .bss               zero     0x1fff4f2c     0x4  HW_LPTMR.o [1]
    .bss               zero     0x1fff4f30     0x4  HW_PDB.o [1]
    .bss               zero     0x1fff4f34     0x4  HW_PDB.o [1]
    .bss               zero     0x1fff4f38    0x10  HW_PIT.o [1]
    .bss               zero     0x1fff4f48    0x18  HW_UART.o [1]
    .bss               zero     0x1fff4f60    0x18  HW_UART.o [1]
    .bss               zero     0x1fff4f78    0x14  myfirst.o [1]
    .bss               zero     0x1fff4f8c    0x2c  myfirst.o [1]
    .bss               zero     0x1fff4fb8    0x28  myfirst.o [1]
    .bss               zero     0x1fff4fe0    0x14  myfirst.o [1]
    .bss               zero     0x1fff4ff4    0x1c  myfirst.o [1]
    .bss               zero     0x1fff5010   0x804  myfirst.o [1]
    .bss               zero     0x1fff5814     0x2  myfirst.o [1]
  CSTACK                        0x1fff5818   0x400  <Block>
    CSTACK             uninit   0x1fff5818   0x400  <Block tail>
                              - 0x1fff5c18  0x15d4


*******************************************************************************
*** INIT TABLE
***

          Address     Size
          -------     ----
Zero (__iar_zero_init3)
    1 destination range, total size 0x9b6:
          0x1fff4e60  0x9b6



*******************************************************************************
*** MODULE SUMMARY
***

    Module                 ro code  ro data  rw data
    ------                 -------  -------  -------
D:\tools\IAR\lapulande\%5B拉普兰德K60固件库%5DLPLD_OSKinetis_V3.10\LPLD_OSKinetis_V3\project\myfirst\iar\RAM\Obj: [1]
    HW_ADC.o                 1 712      108       16
    HW_DAC.o                   748      108       24
    HW_DMA.o                 2 028      108      128
    HW_FTM.o                    48                16
    HW_GPIO.o                  116                20
    HW_LPTMR.o                  32                 4
    HW_MCG.o                   492       16       16
    HW_PDB.o                   964      112        8
    HW_PIT.o                   372      108       16
    HW_UART.o                2 092                48
    assert.o                    24       48
    io.o                        20
    myfirst.o                  700    2 056    4 262
    printf.o                 1 384
    relocate.o                 192
    startup_K60F12.o         1 044
    stdlib.o                    34
    system_MK60.o            1 680    1 332        4
    ------------------------------------------------
    Total:                  13 682    3 996    4 562

command line: [2]
    ------------------------------------------------
    Total:

dl7M_tln.a: [3]
    exit.o                       4
    low_level_init.o             4
    ------------------------------------------------
    Total:                       8

m7M_tlv.a: [4]
    fpinit_M.o                  34
    ------------------------------------------------
    Total:                      34

rt7M_tl.a: [5]
    ABImemcpy_unaligned.o       86
    cexit.o                     10
    cmain.o                     26
    cstartup_M.o                12
    data_init.o                 40
    zero_init3.o                34
    ------------------------------------------------
    Total:                     208

shb_l.a: [6]
    exit.o                      20
    ------------------------------------------------
    Total:                      20

    Gaps                         6        2
    Linker created                       16    1 024
----------------------------------------------------
    Grand Total:            13 958    4 014    5 586


*******************************************************************************
*** ENTRY LIST
***

Entry                      Address   Size  Type      Object
-----                      -------   ----  ----      ------
.bss$$Base              0x1fff4e60          --   Gb  - Linker created -
.bss$$Limit             0x1fff5818          --   Gb  - Linker created -
.data$$Base             0x1fff4644          --   Gb  - Linker created -
.data$$Limit            0x1fff4e60          --   Gb  - Linker created -
.data_init$$Base        0x1fff0c50          --   Gb  - Linker created -
.data_init$$Limit       0x1fff146c          --   Gb  - Linker created -
?main                   0x1fff43d1         Code  Gb  cmain.o [5]
ADC0_IRQHandler         0x1fff286b    0xa  Code  Gb  HW_ADC.o [1]
ADC1_IRQHandler         0x1fff2875    0xa  Code  Gb  HW_ADC.o [1]
ADC2_IRQHandler         0x1fff287f    0xa  Code  Gb  HW_ADC.o [1]
ADC3_IRQHandler         0x1fff2889    0xa  Code  Gb  HW_ADC.o [1]
ADC_ISR                 0x1fff4e60   0x10  Data  Gb  HW_ADC.o [1]
ASSERT_FAILED_STR       0x1fff40d4   0x30  Data  Gb  assert.o [1]
CSTACK$$Base            0x1fff5818          --   Gb  - Linker created -
CSTACK$$Limit           0x1fff5c18          --   Gb  - Linker created -
CodeRelocate$$Base      0x1fff0400          --   Gb  - Linker created -
CodeRelocate$$Limit     0x1fff0400          --   Gb  - Linker created -
CodeRelocateRam$$Base   0x1fff0400          --   Gb  - Linker created -
CodeRelocateRam$$Limit  0x1fff0400          --   Gb  - Linker created -
DAC0_IRQHandler         0x1fff380d   0x6a  Code  Gb  HW_DAC.o [1]
DAC1_IRQHandler         0x1fff3877   0x6a  Code  Gb  HW_DAC.o [1]
DAC_RDPTBOT_ISR         0x1fff4e70    0x8  Data  Gb  HW_DAC.o [1]
DAC_RDPTTOP_ISR         0x1fff4e78    0x8  Data  Gb  HW_DAC.o [1]
DAC_WATERMK_ISR         0x1fff4e80    0x8  Data  Gb  HW_DAC.o [1]
DMA0_IRQHandler         0x1fff1855   0x4a  Code  Gb  HW_DMA.o [1]
DMA10_IRQHandler        0x1fff1ad7   0x3a  Code  Gb  HW_DMA.o [1]
DMA11_IRQHandler        0x1fff1b11   0x3a  Code  Gb  HW_DMA.o [1]
DMA12_IRQHandler        0x1fff1b4b   0x3a  Code  Gb  HW_DMA.o [1]
DMA13_IRQHandler        0x1fff1b85   0x3a  Code  Gb  HW_DMA.o [1]
DMA14_IRQHandler        0x1fff1bbf   0x3a  Code  Gb  HW_DMA.o [1]
DMA15_IRQHandler        0x1fff1bf9   0x3a  Code  Gb  HW_DMA.o [1]
DMA1_IRQHandler         0x1fff189f   0x4a  Code  Gb  HW_DMA.o [1]
DMA2_IRQHandler         0x1fff18e9   0x4a  Code  Gb  HW_DMA.o [1]
DMA3_IRQHandler         0x1fff1933   0x48  Code  Gb  HW_DMA.o [1]
DMA4_IRQHandler         0x1fff197b   0x3a  Code  Gb  HW_DMA.o [1]
DMA5_IRQHandler         0x1fff19b5   0x3a  Code  Gb  HW_DMA.o [1]
DMA6_IRQHandler         0x1fff19ef   0x3a  Code  Gb  HW_DMA.o [1]
DMA7_IRQHandler         0x1fff1a29   0x3a  Code  Gb  HW_DMA.o [1]
DMA8_IRQHandler         0x1fff1a63   0x3a  Code  Gb  HW_DMA.o [1]
DMA9_IRQHandler         0x1fff1a9d   0x3a  Code  Gb  HW_DMA.o [1]
DMA_ISR                 0x1fff4e88   0x80  Data  Gb  HW_DMA.o [1]
DefaultISR              0x1fff2a47   0x18  Code  Gb  system_MK60.o [1]
Diagnostic_Reset_Source
                        0x1fff2c8d  0x156  Code  Lc  system_MK60.o [1]
FTM0_IRQHandler         0x1fff4165    0xa  Code  Gb  HW_FTM.o [1]
FTM1_IRQHandler         0x1fff4171    0xa  Code  Gb  HW_FTM.o [1]
FTM2_IRQHandler         0x1fff417b    0xa  Code  Gb  HW_FTM.o [1]
FTM3_IRQHandler         0x1fff4185    0xa  Code  Gb  HW_FTM.o [1]
FTM_ISR                 0x1fff4f08   0x10  Data  Gb  HW_FTM.o [1]
GPIO_ISR                0x1fff4f18   0x14  Data  Gb  HW_GPIO.o [1]
HardFault_Handler       0x1fff2a3b    0xc  Code  Gb  system_MK60.o [1]
LPLD_ADC_Cal            0x1fff27c5   0xa6  Code  Lc  HW_ADC.o [1]
LPLD_ADC_Chn_Enable     0x1fff246f  0x356  Code  Gb  HW_ADC.o [1]
LPLD_ADC_EnableConversion
                        0x1fff2405   0x6a  Code  Gb  HW_ADC.o [1]
LPLD_ADC_Init           0x1fff221d  0x1e8  Code  Gb  HW_ADC.o [1]
LPLD_DAC_Init           0x1fff3625  0x1a0  Code  Gb  HW_DAC.o [1]
LPLD_DAC_SetBufferDataN
                        0x1fff37c5   0x3a  Code  Gb  HW_DAC.o [1]
LPLD_DAC_SoftwareTrigger
                        0x1fff37ff    0xe  Code  Gb  HW_DAC.o [1]
LPLD_DMA_EnableIrq      0x1fff1829   0x2c  Code  Gb  HW_DMA.o [1]
LPLD_DMA_Init           0x1fff1483  0x3a6  Code  Gb  HW_DMA.o [1]
LPLD_PDB_AdcTriggerCfg  0x1fff348f   0xea  Code  Gb  HW_PDB.o [1]
LPLD_PDB_Init           0x1fff3261  0x22e  Code  Gb  HW_PDB.o [1]
LPLD_PIT_EnableIrq      0x1fff3c93   0x26  Code  Gb  HW_PIT.o [1]
LPLD_PIT_Init           0x1fff3be1   0xb2  Code  Gb  HW_PIT.o [1]
LPLD_PLL_Setup          0x1fff301d  0x1ec  Code  Gb  HW_MCG.o [1]
LPLD_UART_Init          0x1fff0425  0x524  Code  Gb  HW_UART.o [1]
LPLD_UART_PutChar       0x1fff0949    0xa  Code  Gb  HW_UART.o [1]
LPTMR_ISR               0x1fff4f2c    0x4  Data  Gb  HW_LPTMR.o [1]
LPT_IRQHandler          0x1fff4325   0x16  Code  Gb  HW_LPTMR.o [1]
NVIC_EnableIRQ          0x1fff146d   0x16  Code  Lc  HW_DMA.o [1]
NVIC_EnableIRQ          0x1fff3bcd   0x14  Code  Lc  HW_PIT.o [1]
NVIC_EnableIRQ          0x1fff3911   0x14  Code  Lc  myfirst.o [1]
PDB_IRQHandler          0x1fff3579   0x6a  Code  Gb  HW_PDB.o [1]
PDB_ISR                 0x1fff4f30    0x4  Data  Gb  HW_PDB.o [1]
PDB_SE_ISR              0x1fff4f34    0x4  Data  Gb  HW_PDB.o [1]
PIT0_IRQHandler         0x1fff3cb9   0x16  Code  Gb  HW_PIT.o [1]
PIT1_IRQHandler         0x1fff3ccf   0x16  Code  Gb  HW_PIT.o [1]
PIT2_IRQHandler         0x1fff3ce5   0x16  Code  Gb  HW_PIT.o [1]
PIT3_IRQHandler         0x1fff3cfb   0x16  Code  Gb  HW_PIT.o [1]
PIT_ISR                 0x1fff4f38   0x10  Data  Gb  HW_PIT.o [1]
PORTA_IRQHandler        0x1fff3d41   0x12  Code  Gb  HW_GPIO.o [1]
PORTB_IRQHandler        0x1fff3d53   0x12  Code  Gb  HW_GPIO.o [1]
PORTC_IRQHandler        0x1fff3d65   0x12  Code  Gb  HW_GPIO.o [1]
PORTD_IRQHandler        0x1fff3d77   0x12  Code  Gb  HW_GPIO.o [1]
PORTE_IRQHandler        0x1fff3d89   0x12  Code  Gb  HW_GPIO.o [1]
Region$$Table$$Base     0x1fff4274          --   Gb  - Linker created -
Region$$Table$$Limit    0x1fff4284          --   Gb  - Linker created -
Result_A                0x1fff5010  0x804  Data  Gb  myfirst.o [1]
Result_B                0x1fff4654  0x804  Data  Gb  myfirst.o [1]
Result_flag             0x1fff5814    0x2  Data  Gb  myfirst.o [1]
SystemCoreClock         0x1fff4e5c    0x4  Data  Gb  system_MK60.o [1]
SystemCoreClockUpdate   0x1fff2a09   0x32  Code  Gb  system_MK60.o [1]
SystemInit              0x1fff28cd  0x13c  Code  Gb  system_MK60.o [1]
UART0_ERR_IRQHandler    0x1fff0c45    0x2  Code  Gb  HW_UART.o [1]
UART0_IRQHandler        0x1fff0953   0x58  Code  Gb  HW_UART.o [1]
UART1_ERR_IRQHandler    0x1fff0c47    0x2  Code  Gb  HW_UART.o [1]
UART1_IRQHandler        0x1fff09ab   0x58  Code  Gb  HW_UART.o [1]
UART2_ERR_IRQHandler    0x1fff0c49    0x2  Code  Gb  HW_UART.o [1]
UART2_IRQHandler        0x1fff0a03   0x58  Code  Gb  HW_UART.o [1]
UART3_ERR_IRQHandler    0x1fff0c4b    0x2  Code  Gb  HW_UART.o [1]
UART3_IRQHandler        0x1fff0a5b   0x58  Code  Gb  HW_UART.o [1]
UART4_ERR_IRQHandler    0x1fff0c4d    0x2  Code  Gb  HW_UART.o [1]
UART4_IRQHandler        0x1fff0ab3   0x58  Code  Gb  HW_UART.o [1]
UART5_ERR_IRQHandler    0x1fff0c4f    0x2  Code  Gb  HW_UART.o [1]
UART5_IRQHandler        0x1fff0b0b   0x58  Code  Gb  HW_UART.o [1]
UART_R_ISR              0x1fff4f48   0x18  Data  Gb  HW_UART.o [1]
UART_T_ISR              0x1fff4f60   0x18  Data  Gb  HW_UART.o [1]
__BOOT_STACK_ADDRESS {Abs}
                        0x2000fff8          --   Gb  command line/config [2]
__VECTOR_RAM {Abs}      0x1fff0000          --   Gb  command line/config [2]
__VECTOR_TABLE {Abs}    0x1fff0000          --   Gb  command line/config [2]
__Vectors               0x1fff0000          --   Gb  startup_K60F12.o [1]
__Vectors_End           0x1fff0400         Data  Gb  startup_K60F12.o [1]
__Vectors_Size {Abs}    0x00000400          --   Gb  startup_K60F12.o [1]
__cmain                 0x1fff43d1         Code  Gb  cmain.o [5]
__exit                  0x1fff4401   0x14  Code  Gb  exit.o [6]
__iar_data_init3        0x1fff41bd   0x28  Code  Gb  data_init.o [5]
__iar_init_vfp          0x1fff4251         Code  Gb  fpinit_M.o [4]
__iar_program_start     0x1fff459d         Code  Gb  cstartup_M.o [5]
__iar_unaligned___aeabi_memcpy4
                        0x1fff3209         Code  Gb  ABImemcpy_unaligned.o [5]
__iar_unaligned___aeabi_memcpy8
                        0x1fff3209         Code  Gb  ABImemcpy_unaligned.o [5]
__iar_zero_init3        0x1fff21fb   0x22  Code  Gb  zero_init3.o [5]
__low_level_init        0x1fff43eb    0x4  Code  Gb  low_level_init.o [3]
__vector_table          0x1fff0000         Data  Gb  startup_K60F12.o [1]
__vector_table_0x1c     0x1fff001c         Data  Gb  startup_K60F12.o [1]
_call_main              0x1fff43dd         Code  Gb  cmain.o [5]
_exit                   0x1fff43f5         Code  Gb  cexit.o [5]
_main                   0x1fff43e7         Code  Gb  cmain.o [5]
adc0_init_struct        0x1fff4f78   0x14  Data  Gb  myfirst.o [1]
assert_failed           0x1fff1c59   0x18  Code  Gb  assert.o [1]
bufflag                 0x1fff4e5a    0x2  Data  Gb  myfirst.o [1]
common_relocate         0x1fff2f5d   0xc0  Code  Gb  relocate.o [1]
cpu_identify            0x1fff2a65  0x182  Code  Lc  system_MK60.o [1]
dac0_init_struct        0x1fff4ff4   0x1c  Data  Gb  myfirst.o [1]
dma_init_struct         0x1fff4f8c   0x2c  Data  Gb  myfirst.o [1]
dmaisr                  0x1fff3925   0x2c  Code  Gb  myfirst.o [1]
exit                    0x1fff43ef    0x4  Code  Gb  exit.o [3]
flag                    0x1fff4e58    0x2  Data  Gb  myfirst.o [1]
flash_identify          0x1fff2be7   0xa6  Code  Lc  system_MK60.o [1]
g_bus_clock             0x1fff4648    0x4  Data  Gb  HW_MCG.o [1]
g_core_clock            0x1fff4644    0x4  Data  Gb  HW_MCG.o [1]
g_flash_clock           0x1fff464c    0x4  Data  Gb  HW_MCG.o [1]
g_flexbus_clock         0x1fff4650    0x4  Data  Gb  HW_MCG.o [1]
init_ADC                0x1fff39bd   0x74  Code  Gb  myfirst.o [1]
init_DAC                0x1fff3abd   0x1c  Code  Gb  myfirst.o [1]
init_DMA                0x1fff3a31   0x8c  Code  Gb  myfirst.o [1]
init_PDB                0x1fff3ad9   0x44  Code  Gb  myfirst.o [1]
init_PIT                0x1fff3b1d   0x3a  Code  Gb  myfirst.o [1]
main                    0x1fff3b57   0x24  Code  Gb  myfirst.o [1]
out_char                0x1fff453d   0x10  Code  Gb  io.o [1]
pdb_init_struct         0x1fff4fb8   0x28  Data  Gb  myfirst.o [1]
pdb_sc_mults            0x1fff4640    0x4  Data  Gb  HW_PDB.o [1]
pit0_init_struct        0x1fff4fe0   0x14  Data  Gb  myfirst.o [1]
pitdacisr               0x1fff3951   0x6c  Code  Gb  myfirst.o [1]
printf                  0x1fff21af   0x26  Code  Gb  printf.o [1]
printk                  0x1fff1d99  0x416  Code  Gb  printf.o [1]
printk_mknumstr         0x1fff1ca3   0xaa  Code  Lc  printf.o [1]
printk_pad_space        0x1fff1d73   0x26  Code  Lc  printf.o [1]
printk_pad_zero         0x1fff1d4d   0x26  Code  Lc  printf.o [1]
printk_putc             0x1fff1c71   0x32  Code  Lc  printf.o [1]
strlen                  0x1fff21d9   0x22  Code  Gb  stdlib.o [1]


[1] = D:\tools\IAR\lapulande\%5B拉普兰德K60固件库%5DLPLD_OSKinetis_V3.10\LPLD_OSKinetis_V3\project\myfirst\iar\RAM\Obj
[2] = command line
[3] = dl7M_tln.a
[4] = m7M_tlv.a
[5] = rt7M_tl.a
[6] = shb_l.a

  13 958 bytes of readonly  code memory
   4 014 bytes of readonly  data memory
   5 586 bytes of readwrite data memory

Errors: none
Warnings: none
