###############################################################################
#
# IAR ELF Linker V7.30.1.7746/W32 for ARM                 18/May/2015  18:47:17
# Copyright 2007-2014 IAR Systems AB.
#
#    Output file  =  
#        D:\tools\IAR\lapulande\%5B拉普兰德K60固件库%5DLPLD_OSKinetis_V3.10\LPLD_OSKinetis_V3\project\myfirst\iar\RAM\Exe\myfirst_K60DZ10.out
#    Map file     =  
#        D:\tools\IAR\lapulande\%5B拉普兰德K60固件库%5DLPLD_OSKinetis_V3.10\LPLD_OSKinetis_V3\project\myfirst\iar\RAM\List\myfirst_K60DZ10.map
#    Command line =  
#        D:\tools\IAR\lapulande\%5B拉普兰德K60固件库%5DLPLD_OSKinetis_V3.10\LPLD_OSKinetis_V3\project\myfirst\iar\RAM\Obj\alloc.o
#        D:\tools\IAR\lapulande\%5B拉普兰德K60固件库%5DLPLD_OSKinetis_V3.10\LPLD_OSKinetis_V3\project\myfirst\iar\RAM\Obj\assert.o
#        D:\tools\IAR\lapulande\%5B拉普兰德K60固件库%5DLPLD_OSKinetis_V3.10\LPLD_OSKinetis_V3\project\myfirst\iar\RAM\Obj\HW_ADC.o
#        D:\tools\IAR\lapulande\%5B拉普兰德K60固件库%5DLPLD_OSKinetis_V3.10\LPLD_OSKinetis_V3\project\myfirst\iar\RAM\Obj\HW_DMA.o
#        D:\tools\IAR\lapulande\%5B拉普兰德K60固件库%5DLPLD_OSKinetis_V3.10\LPLD_OSKinetis_V3\project\myfirst\iar\RAM\Obj\HW_FTM.o
#        D:\tools\IAR\lapulande\%5B拉普兰德K60固件库%5DLPLD_OSKinetis_V3.10\LPLD_OSKinetis_V3\project\myfirst\iar\RAM\Obj\HW_GPIO.o
#        D:\tools\IAR\lapulande\%5B拉普兰德K60固件库%5DLPLD_OSKinetis_V3.10\LPLD_OSKinetis_V3\project\myfirst\iar\RAM\Obj\HW_MCG.o
#        D:\tools\IAR\lapulande\%5B拉普兰德K60固件库%5DLPLD_OSKinetis_V3.10\LPLD_OSKinetis_V3\project\myfirst\iar\RAM\Obj\HW_PIT.o
#        D:\tools\IAR\lapulande\%5B拉普兰德K60固件库%5DLPLD_OSKinetis_V3.10\LPLD_OSKinetis_V3\project\myfirst\iar\RAM\Obj\HW_UART.o
#        D:\tools\IAR\lapulande\%5B拉普兰德K60固件库%5DLPLD_OSKinetis_V3.10\LPLD_OSKinetis_V3\project\myfirst\iar\RAM\Obj\io.o
#        D:\tools\IAR\lapulande\%5B拉普兰德K60固件库%5DLPLD_OSKinetis_V3.10\LPLD_OSKinetis_V3\project\myfirst\iar\RAM\Obj\myfirst.o
#        D:\tools\IAR\lapulande\%5B拉普兰德K60固件库%5DLPLD_OSKinetis_V3.10\LPLD_OSKinetis_V3\project\myfirst\iar\RAM\Obj\printf.o
#        D:\tools\IAR\lapulande\%5B拉普兰德K60固件库%5DLPLD_OSKinetis_V3.10\LPLD_OSKinetis_V3\project\myfirst\iar\RAM\Obj\queue.o
#        D:\tools\IAR\lapulande\%5B拉普兰德K60固件库%5DLPLD_OSKinetis_V3.10\LPLD_OSKinetis_V3\project\myfirst\iar\RAM\Obj\relocate.o
#        D:\tools\IAR\lapulande\%5B拉普兰德K60固件库%5DLPLD_OSKinetis_V3.10\LPLD_OSKinetis_V3\project\myfirst\iar\RAM\Obj\startup_K60DZ10.o
#        D:\tools\IAR\lapulande\%5B拉普兰德K60固件库%5DLPLD_OSKinetis_V3.10\LPLD_OSKinetis_V3\project\myfirst\iar\RAM\Obj\stdlib.o
#        D:\tools\IAR\lapulande\%5B拉普兰德K60固件库%5DLPLD_OSKinetis_V3.10\LPLD_OSKinetis_V3\project\myfirst\iar\RAM\Obj\system_MK60.o
#        D:\tools\IAR\lapulande\%5B拉普兰德K60固件库%5DLPLD_OSKinetis_V3.10\LPLD_OSKinetis_V3\project\myfirst\iar\RAM\Obj\uif.o
#        --redirect _Printf=_PrintfFull --redirect _Scanf=_ScanfFull -o
#        D:\tools\IAR\lapulande\%5B拉普兰德K60固件库%5DLPLD_OSKinetis_V3.10\LPLD_OSKinetis_V3\project\myfirst\iar\RAM\Exe\myfirst_K60DZ10.out
#        --map
#        D:\tools\IAR\lapulande\%5B拉普兰德K60固件库%5DLPLD_OSKinetis_V3.10\LPLD_OSKinetis_V3\project\myfirst\iar\RAM\List\myfirst_K60DZ10.map
#        --config
#        D:\tools\IAR\lapulande\%5B拉普兰德K60固件库%5DLPLD_OSKinetis_V3.10\LPLD_OSKinetis_V3\project\myfirst\iar\..\..\..\lib\iar_config_files\LPLD_K60DN512_RAM.icf
#        --semihosting --entry __iar_program_start
#        D:\tools\IAR\iar7_3\arm\CMSIS\Lib\IAR\iar_cortexM4l_math.a --vfe
#
###############################################################################

*******************************************************************************
*** RUNTIME MODEL ATTRIBUTES
***

CppFlavor       = *
__SystemLibrary = DLib


*******************************************************************************
*** PLACEMENT SUMMARY
***

"A1":  place at 0x1fff0000 { ro section .intvec };
"A2":  place at 0x1fff0410 { ro section .noinit };
"P1":  place in [from 0x1fff0000 to 0x20010000] { ro, block CodeRelocate };
"P2":  place in [from 0x1fff0000 to 0x20010000] {
          rw, block CodeRelocateRam, block CSTACK, block HEAP };

  Section              Kind        Address    Size  Object
  -------              ----        -------    ----  ------
"A1":                                        0x400
  .intvec              ro code  0x1fff0000   0x400  startup_K60DZ10.o [1]
                              - 0x1fff0400   0x400

"P1", part 1 of 2:                             0x0
  .rodata              const    0x1fff0400     0x0  zero_init3.o [4]

"A2":                                         0x14
  .noinit              ro code  0x1fff0410    0x10  startup_K60DZ10.o [1]
  .noinit              ro code  0x1fff0420     0x4  startup_K60DZ10.o [1]
                              - 0x1fff0424    0x14

"P1", part 2 of 2:                          0x1d1c
  .text                ro code  0x1fff0424   0x718  HW_UART.o [1]
  .text                ro code  0x1fff0b3c   0x614  system_MK60.o [1]
  .text                ro code  0x1fff1150    0xa0  relocate.o [1]
  .text                ro code  0x1fff11f0   0x198  HW_MCG.o [1]
  .text                ro code  0x1fff1388    0x56  ABImemcpy_unaligned.o [4]
  .text                ro code  0x1fff13de    0x22  zero_init3.o [4]
  .text                ro code  0x1fff1400   0x4e4  printf.o [1]
  .text                ro code  0x1fff18e4    0x1c  stdlib.o [1]
  .text                ro code  0x1fff1900   0x168  HW_DMA.o [1]
  .text                ro code  0x1fff1a68    0x74  HW_GPIO.o [1]
  .text                ro code  0x1fff1adc    0x6c  HW_PIT.o [1]
  CodeRelocate                  0x1fff1b48    0x4c  <Block>
    Initializer bytes  ro data  0x1fff1b48    0x4c  <for CodeRelocateRam-1>
  .rodata              const    0x1fff1b94    0x48  system_MK60.o [1]
  .rodata              const    0x1fff1bdc    0x44  system_MK60.o [1]
  .rodata              const    0x1fff1c20    0x44  system_MK60.o [1]
  .rodata              const    0x1fff1c64    0x30  system_MK60.o [1]
  .rodata              const    0x1fff1c94    0x30  system_MK60.o [1]
  .rodata              const    0x1fff1cc4    0x28  system_MK60.o [1]
  .text                ro code  0x1fff1cec    0x28  data_init.o [4]
  .rodata              const    0x1fff1d14    0x24  system_MK60.o [1]
  .rodata              const    0x1fff1d38    0x24  system_MK60.o [1]
  .text                ro code  0x1fff1d5c    0x24  HW_FTM.o [1]
  .iar.init_table      const    0x1fff1d80    0x10  - Linker created -
  .rodata              const    0x1fff1d90    0x20  system_MK60.o [1]
  .rodata              const    0x1fff1db0    0x20  system_MK60.o [1]
  .rodata              const    0x1fff1dd0    0x20  system_MK60.o [1]
  .rodata              const    0x1fff1df0    0x20  system_MK60.o [1]
  .rodata              const    0x1fff1e10    0x1c  system_MK60.o [1]
  .rodata              const    0x1fff1e2c    0x1c  system_MK60.o [1]
  .rodata              const    0x1fff1e48    0x1c  system_MK60.o [1]
  .text                ro code  0x1fff1e64    0x1c  HW_ADC.o [1]
  .text                ro code  0x1fff1e80    0x1a  cmain.o [4]
  .text                ro code  0x1fff1e9a     0x4  low_level_init.o [3]
  .text                ro code  0x1fff1e9e     0x2  myfirst.o [1]
  .text                ro code  0x1fff1ea0     0x4  exit.o [3]
  .text                ro code  0x1fff1ea4     0xa  cexit.o [4]
  .text                ro code  0x1fff1eb0    0x14  exit.o [5]
  .rodata              const    0x1fff1ec4    0x18  system_MK60.o [1]
  .rodata              const    0x1fff1edc    0x18  system_MK60.o [1]
  .rodata              const    0x1fff1ef4    0x18  system_MK60.o [1]
  .rodata              const    0x1fff1f0c    0x18  system_MK60.o [1]
  .rodata              const    0x1fff1f24    0x18  system_MK60.o [1]
  .rodata              const    0x1fff1f3c    0x18  system_MK60.o [1]
  .rodata              const    0x1fff1f54    0x18  system_MK60.o [1]
  .rodata              const    0x1fff1f6c    0x18  system_MK60.o [1]
  .rodata              const    0x1fff1f84    0x18  system_MK60.o [1]
  .rodata              const    0x1fff1f9c    0x18  system_MK60.o [1]
  .rodata              const    0x1fff1fb4    0x14  system_MK60.o [1]
  .rodata              const    0x1fff1fc8    0x14  system_MK60.o [1]
  .rodata              const    0x1fff1fdc    0x14  system_MK60.o [1]
  .rodata              const    0x1fff1ff0    0x14  system_MK60.o [1]
  .rodata              const    0x1fff2004    0x14  system_MK60.o [1]
  .rodata              const    0x1fff2018    0x14  system_MK60.o [1]
  .text                ro code  0x1fff202c    0x14  io.o [1]
  .data_init                    0x1fff2040    0x14  <Block>
    Initializer bytes  ro data  0x1fff2040    0x14  <for .data-1>
  .rodata              const    0x1fff2054    0x10  system_MK60.o [1]
  .rodata              const    0x1fff2064    0x10  system_MK60.o [1]
  .rodata              const    0x1fff2074    0x10  system_MK60.o [1]
  .rodata              const    0x1fff2084     0xc  system_MK60.o [1]
  .rodata              const    0x1fff2090     0xc  system_MK60.o [1]
  .text                ro code  0x1fff209c     0xc  cstartup_M.o [4]
  .rodata              const    0x1fff20a8     0x8  system_MK60.o [1]
  .rodata              const    0x1fff20b0     0x8  system_MK60.o [1]
  .rodata              const    0x1fff20b8     0x8  system_MK60.o [1]
  .rodata              const    0x1fff20c0     0x8  system_MK60.o [1]
  .rodata              const    0x1fff20c8     0x8  system_MK60.o [1]
  .rodata              const    0x1fff20d0     0x8  system_MK60.o [1]
  .rodata              const    0x1fff20d8     0x8  system_MK60.o [1]
  .rodata              const    0x1fff20e0     0x8  system_MK60.o [1]
  .rodata              const    0x1fff20e8     0x8  system_MK60.o [1]
  .rodata              const    0x1fff20f0     0x8  system_MK60.o [1]
  .rodata              const    0x1fff20f8     0x8  system_MK60.o [1]
  .rodata              const    0x1fff2100     0x8  system_MK60.o [1]
  .rodata              const    0x1fff2108     0x8  system_MK60.o [1]
  .rodata              const    0x1fff2110     0x8  system_MK60.o [1]
  .rodata              const    0x1fff2118     0x8  system_MK60.o [1]
  .rodata              const    0x1fff2120     0x8  system_MK60.o [1]
  .rodata              const    0x1fff2128     0x8  system_MK60.o [1]
  .rodata              const    0x1fff2130     0x8  system_MK60.o [1]
  .rodata              const    0x1fff2138     0x8  system_MK60.o [1]
                              - 0x1fff2140  0x1d1c

"P2":                                        0x508
  CodeRelocateRam               0x1fff2140    0x4c  <Block>
    CodeRelocateRam-1           0x1fff2140    0x4c  <Init block>
      .textrw          inited   0x1fff2140    0x4c  HW_MCG.o [1]
  .data                         0x1fff218c    0x14  <Block>
    .data-1                     0x1fff218c    0x14  <Init block>
      .data            inited   0x1fff218c     0x4  HW_MCG.o [1]
      .data            inited   0x1fff2190     0x4  HW_MCG.o [1]
      .data            inited   0x1fff2194     0x4  HW_MCG.o [1]
      .data            inited   0x1fff2198     0x4  HW_MCG.o [1]
      .data            inited   0x1fff219c     0x4  system_MK60.o [1]
  .bss                          0x1fff21a0    0xa8  <Block>
    .bss               zero     0x1fff21a0     0x8  HW_ADC.o [1]
    .bss               zero     0x1fff21a8    0x40  HW_DMA.o [1]
    .bss               zero     0x1fff21e8     0xc  HW_FTM.o [1]
    .bss               zero     0x1fff21f4    0x14  HW_GPIO.o [1]
    .bss               zero     0x1fff2208    0x10  HW_PIT.o [1]
    .bss               zero     0x1fff2218    0x18  HW_UART.o [1]
    .bss               zero     0x1fff2230    0x18  HW_UART.o [1]
  CSTACK                        0x1fff2248   0x400  <Block>
    CSTACK             uninit   0x1fff2248   0x400  <Block tail>
                              - 0x1fff2648   0x508


*******************************************************************************
*** INIT TABLE
***

          Address     Size
          -------     ----
Zero (__iar_zero_init3)
    1 destination range, total size 0xa8:
          0x1fff21a0  0xa8



*******************************************************************************
*** MODULE SUMMARY
***

    Module                 ro code  rw code  ro data  rw data
    ------                 -------  -------  -------  -------
D:\tools\IAR\lapulande\%5B拉普兰德K60固件库%5DLPLD_OSKinetis_V3.10\LPLD_OSKinetis_V3\project\myfirst\iar\RAM\Obj: [1]
    HW_ADC.o                    28                          8
    HW_DMA.o                   360                         64
    HW_FTM.o                    36                         12
    HW_GPIO.o                  116                         20
    HW_MCG.o                   408       76       92       16
    HW_PIT.o                   108                         16
    HW_UART.o                1 816                         48
    io.o                        20
    myfirst.o                    2
    printf.o                 1 252
    relocate.o                 160
    startup_K60DZ10.o        1 044
    stdlib.o                    28
    system_MK60.o            1 556             1 216        4
    ---------------------------------------------------------
    Total:                   6 934       76    1 308      188

command line: [2]
    ---------------------------------------------------------
    Total:

dl7M_tln.a: [3]
    exit.o                       4
    low_level_init.o             4
    ---------------------------------------------------------
    Total:                       8

rt7M_tl.a: [4]
    ABImemcpy_unaligned.o       86
    cexit.o                     10
    cmain.o                     26
    cstartup_M.o                12
    data_init.o                 40
    zero_init3.o                34
    ---------------------------------------------------------
    Total:                     208

shb_l.a: [5]
    exit.o                      20
    ---------------------------------------------------------
    Total:                      20

    Gaps                         2
    Linker created                                16    1 024
-------------------------------------------------------------
    Grand Total:             7 172       76    1 324    1 212


*******************************************************************************
*** ENTRY LIST
***

Entry                      Address   Size  Type      Object
-----                      -------   ----  ----      ------
.bss$$Base              0x1fff21a0          --   Gb  - Linker created -
.bss$$Limit             0x1fff2248          --   Gb  - Linker created -
.data$$Base             0x1fff218c          --   Gb  - Linker created -
.data$$Limit            0x1fff21a0          --   Gb  - Linker created -
.data_init$$Base        0x1fff2040          --   Gb  - Linker created -
.data_init$$Limit       0x1fff2054          --   Gb  - Linker created -
?main                   0x1fff1e81         Code  Gb  cmain.o [4]
ADC0_IRQHandler         0x1fff1e65    0xa  Code  Gb  HW_ADC.o [1]
ADC1_IRQHandler         0x1fff1e6f    0xa  Code  Gb  HW_ADC.o [1]
ADC_ISR                 0x1fff21a0    0x8  Data  Gb  HW_ADC.o [1]
CSTACK$$Base            0x1fff2248          --   Gb  - Linker created -
CSTACK$$Limit           0x1fff2648          --   Gb  - Linker created -
CodeRelocate$$Base      0x1fff1b48          --   Gb  - Linker created -
CodeRelocate$$Limit     0x1fff1b94          --   Gb  - Linker created -
CodeRelocateRam$$Base   0x1fff2140          --   Gb  - Linker created -
CodeRelocateRam$$Limit  0x1fff218c          --   Gb  - Linker created -
DMA0_IRQHandler         0x1fff1901   0x16  Code  Gb  HW_DMA.o [1]
DMA10_IRQHandler        0x1fff19dd   0x16  Code  Gb  HW_DMA.o [1]
DMA11_IRQHandler        0x1fff19f3   0x16  Code  Gb  HW_DMA.o [1]
DMA12_IRQHandler        0x1fff1a09   0x16  Code  Gb  HW_DMA.o [1]
DMA13_IRQHandler        0x1fff1a1f   0x16  Code  Gb  HW_DMA.o [1]
DMA14_IRQHandler        0x1fff1a35   0x16  Code  Gb  HW_DMA.o [1]
DMA15_IRQHandler        0x1fff1a4b   0x16  Code  Gb  HW_DMA.o [1]
DMA1_IRQHandler         0x1fff1917   0x16  Code  Gb  HW_DMA.o [1]
DMA2_IRQHandler         0x1fff192d   0x16  Code  Gb  HW_DMA.o [1]
DMA3_IRQHandler         0x1fff1943   0x16  Code  Gb  HW_DMA.o [1]
DMA4_IRQHandler         0x1fff1959   0x16  Code  Gb  HW_DMA.o [1]
DMA5_IRQHandler         0x1fff196f   0x16  Code  Gb  HW_DMA.o [1]
DMA6_IRQHandler         0x1fff1985   0x16  Code  Gb  HW_DMA.o [1]
DMA7_IRQHandler         0x1fff199b   0x16  Code  Gb  HW_DMA.o [1]
DMA8_IRQHandler         0x1fff19b1   0x16  Code  Gb  HW_DMA.o [1]
DMA9_IRQHandler         0x1fff19c7   0x16  Code  Gb  HW_DMA.o [1]
DMA_ISR                 0x1fff21a8   0x40  Data  Gb  HW_DMA.o [1]
DefaultISR              0x1fff0cb3   0x18  Code  Gb  system_MK60.o [1]
Diagnostic_Reset_Source
                        0x1fff0f69   0x82  Code  Lc  system_MK60.o [1]
FTM0_IRQHandler         0x1fff1d5d    0xa  Code  Gb  HW_FTM.o [1]
FTM1_IRQHandler         0x1fff1d67    0xa  Code  Gb  HW_FTM.o [1]
FTM2_IRQHandler         0x1fff1d71    0xa  Code  Gb  HW_FTM.o [1]
FTM_ISR                 0x1fff21e8    0xc  Data  Gb  HW_FTM.o [1]
GPIO_ISR                0x1fff21f4   0x14  Data  Gb  HW_GPIO.o [1]
HardFault_Handler       0x1fff0ca7    0xc  Code  Gb  system_MK60.o [1]
LPLD_PLL_Setup          0x1fff11f1  0x198  Code  Gb  HW_MCG.o [1]
LPLD_Set_SYS_DIV        0x1fff2141   0x4c  Code  Gb  HW_MCG.o [1]
LPLD_UART_Init          0x1fff0425  0x410  Code  Gb  HW_UART.o [1]
LPLD_UART_PutChar       0x1fff0835    0xa  Code  Gb  HW_UART.o [1]
PIT0_IRQHandler         0x1fff1add   0x16  Code  Gb  HW_PIT.o [1]
PIT1_IRQHandler         0x1fff1af3   0x16  Code  Gb  HW_PIT.o [1]
PIT2_IRQHandler         0x1fff1b09   0x16  Code  Gb  HW_PIT.o [1]
PIT3_IRQHandler         0x1fff1b1f   0x16  Code  Gb  HW_PIT.o [1]
PIT_ISR                 0x1fff2208   0x10  Data  Gb  HW_PIT.o [1]
PORTA_IRQHandler        0x1fff1a69   0x12  Code  Gb  HW_GPIO.o [1]
PORTB_IRQHandler        0x1fff1a7b   0x12  Code  Gb  HW_GPIO.o [1]
PORTC_IRQHandler        0x1fff1a8d   0x12  Code  Gb  HW_GPIO.o [1]
PORTD_IRQHandler        0x1fff1a9f   0x12  Code  Gb  HW_GPIO.o [1]
PORTE_IRQHandler        0x1fff1ab1   0x12  Code  Gb  HW_GPIO.o [1]
Region$$Table$$Base     0x1fff1d80          --   Gb  - Linker created -
Region$$Table$$Limit    0x1fff1d90          --   Gb  - Linker created -
SystemCoreClock         0x1fff219c    0x4  Data  Gb  system_MK60.o [1]
SystemCoreClockUpdate   0x1fff0c79   0x2e  Code  Gb  system_MK60.o [1]
SystemInit              0x1fff0b3d  0x13c  Code  Gb  system_MK60.o [1]
UART0_ERR_IRQHandler    0x1fff0b31    0x2  Code  Gb  HW_UART.o [1]
UART0_IRQHandler        0x1fff083f   0x58  Code  Gb  HW_UART.o [1]
UART1_ERR_IRQHandler    0x1fff0b33    0x2  Code  Gb  HW_UART.o [1]
UART1_IRQHandler        0x1fff0897   0x58  Code  Gb  HW_UART.o [1]
UART2_ERR_IRQHandler    0x1fff0b35    0x2  Code  Gb  HW_UART.o [1]
UART2_IRQHandler        0x1fff08ef   0x58  Code  Gb  HW_UART.o [1]
UART3_ERR_IRQHandler    0x1fff0b37    0x2  Code  Gb  HW_UART.o [1]
UART3_IRQHandler        0x1fff0947   0x58  Code  Gb  HW_UART.o [1]
UART4_ERR_IRQHandler    0x1fff0b39    0x2  Code  Gb  HW_UART.o [1]
UART4_IRQHandler        0x1fff099f   0x58  Code  Gb  HW_UART.o [1]
UART5_ERR_IRQHandler    0x1fff0b3b    0x2  Code  Gb  HW_UART.o [1]
UART5_IRQHandler        0x1fff09f7   0x58  Code  Gb  HW_UART.o [1]
UART_R_ISR              0x1fff2218   0x18  Data  Gb  HW_UART.o [1]
UART_T_ISR              0x1fff2230   0x18  Data  Gb  HW_UART.o [1]
__BOOT_STACK_ADDRESS {Abs}
                        0x2000fff8          --   Gb  command line/config [2]
__VECTOR_RAM {Abs}      0x1fff0000          --   Gb  command line/config [2]
__VECTOR_TABLE {Abs}    0x1fff0000          --   Gb  command line/config [2]
__Vectors               0x1fff0000          --   Gb  startup_K60DZ10.o [1]
__Vectors_End           0x1fff0400         Data  Gb  startup_K60DZ10.o [1]
__Vectors_Size {Abs}    0x00000400          --   Gb  startup_K60DZ10.o [1]
__cmain                 0x1fff1e81         Code  Gb  cmain.o [4]
__exit                  0x1fff1eb1   0x14  Code  Gb  exit.o [5]
__iar_data_init3        0x1fff1ced   0x28  Code  Gb  data_init.o [4]
__iar_program_start     0x1fff209d         Code  Gb  cstartup_M.o [4]
__iar_unaligned___aeabi_memcpy4
                        0x1fff1389         Code  Gb  ABImemcpy_unaligned.o [4]
__iar_unaligned___aeabi_memcpy8
                        0x1fff1389         Code  Gb  ABImemcpy_unaligned.o [4]
__iar_zero_init3        0x1fff13df   0x22  Code  Gb  zero_init3.o [4]
__low_level_init        0x1fff1e9b    0x4  Code  Gb  low_level_init.o [3]
__vector_table          0x1fff0000         Data  Gb  startup_K60DZ10.o [1]
__vector_table_0x1c     0x1fff001c         Data  Gb  startup_K60DZ10.o [1]
_call_main              0x1fff1e8d         Code  Gb  cmain.o [4]
_exit                   0x1fff1ea5         Code  Gb  cexit.o [4]
_main                   0x1fff1e97         Code  Gb  cmain.o [4]
common_relocate         0x1fff1151   0xa0  Code  Gb  relocate.o [1]
cpu_identify            0x1fff0cd1  0x1f2  Code  Lc  system_MK60.o [1]
exit                    0x1fff1ea1    0x4  Code  Gb  exit.o [3]
flash_identify          0x1fff0ec3   0xa6  Code  Lc  system_MK60.o [1]
g_bus_clock             0x1fff2190    0x4  Data  Gb  HW_MCG.o [1]
g_core_clock            0x1fff218c    0x4  Data  Gb  HW_MCG.o [1]
g_flash_clock           0x1fff2194    0x4  Data  Gb  HW_MCG.o [1]
g_flexbus_clock         0x1fff2198    0x4  Data  Gb  HW_MCG.o [1]
main                    0x1fff1e9f    0x2  Code  Gb  myfirst.o [1]
out_char                0x1fff202d    0xe  Code  Gb  io.o [1]
printf                  0x1fff18c1   0x1e  Code  Gb  printf.o [1]
printk                  0x1fff14d9  0x3e8  Code  Gb  printf.o [1]
printk_mknumstr         0x1fff142d   0x70  Code  Lc  printf.o [1]
printk_pad_space        0x1fff14bb   0x1e  Code  Lc  printf.o [1]
printk_pad_zero         0x1fff149d   0x1e  Code  Lc  printf.o [1]
printk_putc             0x1fff1401   0x2c  Code  Lc  printf.o [1]
strlen                  0x1fff18e5   0x1c  Code  Gb  stdlib.o [1]


[1] = D:\tools\IAR\lapulande\%5B拉普兰德K60固件库%5DLPLD_OSKinetis_V3.10\LPLD_OSKinetis_V3\project\myfirst\iar\RAM\Obj
[2] = command line
[3] = dl7M_tln.a
[4] = rt7M_tl.a
[5] = shb_l.a

  7 172 bytes of readonly  code memory
     76 bytes of readwrite code memory
  1 324 bytes of readonly  data memory
  1 212 bytes of readwrite data memory

Errors: none
Warnings: none
